Microchip MPLAB XC8 Compiler V2.31

Linker command line:

-W-3 --edf=C:\Program Files\Microchip\xc8\v2.31\pic\dat\en_msgs.txt -cn \
  -h+dist/default/production\minidos.X.production.sym \
  --cmf=dist/default/production\minidos.X.production.cmf -z -Q16F887 \
  -oC:\Users\steff\AppData\Local\Temp\sgg.2 --defsym=__MPLAB_BUILD=1 \
  -Mdist/default/production/minidos.X.production.map -E1 -ver=XC8 Compiler \
  --acfsm=1493 -ASTACK=0110h-016Fh -pstack=STACK -ACODE=00h-07FFhx4 \
  -ASTRCODE=00h-01FFFh -ASTRING=00h-0FFhx32 -ACONST=00h-0FFhx32 \
  -AENTRY=00h-0FFhx32 -ACOMMON=070h-07Fh -ABANK0=020h-06Fh \
  -ABANK1=0A0h-0EFh -ABANK2=0110h-016Fh -ABANK3=0190h-01EFh \
  -ARAM=020h-06Fh,0A0h-0EFh,0110h-016Fh,0190h-01EFh \
  -AABS1=020h-07Fh,0A0h-0EFh,0110h-016Fh,0190h-01EFh -ASFR0=00h-01Fh \
  -ASFR1=080h-09Fh -ASFR2=0100h-010Fh -ASFR3=0180h-018Fh \
  -ACONFIG=02007h-02008h -DCONFIG=2 -AIDLOC=02000h-02003h -DIDLOC=2 \
  -AEEDATA=00h-0FFh/02100h -peeprom_data=EEDATA -DEEDATA=2 -DCODE=2 \
  -DSTRCODE=2 -DSTRING=2 -DCONST=2 -DENTRY=2 \
  -preset_vec=00h,intentry=04h,init,end_init -ppowerup=CODE -pcinit=CODE \
  -pfunctab=ENTRY -k C:\Users\steff\AppData\Local\Temp\sgg.o \
  dist/default/production\minidos.X.production.o 

Object code version is 3.11

Machine type is 16F887



                Name                               Link     Load   Length Selector   Space Scale
C:\Users\steff\AppData\Local\Temp\sgg.o
                end_init                              C        C        3        8       0
                reset_vec                             0        0        3        0       0
                config                             2007     2007        2        0       4
dist/default/production\minidos.X.production.o
                cinit                                 F        F        6        8       0
                intentry                              4        4        8        8       0
                config                             2007     2007        2        0       4
                text19                              34C      34C       36        8       0
                text18                              497      497        9      84E       0
                text17                              463      463        D      84E       0
                text16                              456      456        D      84E       0
                text15                              48E      48E        9      84E       0
                text14                              437      437       10      84E       0
                text13                              427      427       10      84E       0
                text12                              1C2      1C2       9F        8       0
                text11                              485      485        9      84E       0
                text10                              47C      47C        9      84E       0
                text9                               3E3      3E3       27        8       0
                text8                               470      470        C      84E       0
                text7                               382      382       33        8       0
                text6                               261      261       69        8       0
                text5                               2CA      2CA       46        8       0
                text4                               310      310       3C        8       0
                text3                                15       15       EA        8       0
                text2                                FF       FF       C3        8       0
                text1                               447      447        F      84E       0
                maintext                            3B5      3B5       2E        8       0
                cstackBANK0                          20       20       1D       20       1
                cstackCOMMON                         70       70        8       70       1
                cstackBANK1                          A0       A0       36       A0       1
                bssCOMMON                            78       78        2       70       1
                strings                             40A      40A       1D      814       0

TOTAL           Name                               Link     Load   Length     Space
        CLASS   STACK          

        CLASS   CODE           
                end_init                              C        C        3         0
                cinit                                 F        F        6         0
                intentry                              4        4        8         0
                reset_vec                             0        0        3         0
                text19                              34C      34C       36         0
                text18                              497      497        9         0
                text17                              463      463        D         0
                text16                              456      456        D         0
                text15                              48E      48E        9         0
                text14                              437      437       10         0
                text13                              427      427       10         0
                text12                              1C2      1C2       9F         0
                text11                              485      485        9         0
                text10                              47C      47C        9         0
                text9                               3E3      3E3       27         0
                text8                               470      470        C         0
                text7                               382      382       33         0
                text6                               261      261       69         0
                text5                               2CA      2CA       46         0
                text4                               310      310       3C         0
                text3                                15       15       EA         0
                text2                                FF       FF       C3         0
                text1                               447      447        F         0
                maintext                            3B5      3B5       2E         0

        CLASS   STRCODE        

        CLASS   STRING         
                strings                             40A      40A       1D         0

        CLASS   CONST          

        CLASS   ENTRY          

        CLASS   COMMON         
                cstackCOMMON                         70       70        8         1
                bssCOMMON                            78       78        2         1

        CLASS   BANK0          
                cstackBANK0                          20       20       1D         1

        CLASS   BANK1          
                cstackBANK1                          A0       A0       36         1

        CLASS   BANK2          

        CLASS   BANK3          

        CLASS   RAM            

        CLASS   ABS1           
                abs_s1                               7E       7E        2         1

        CLASS   SFR0           

        CLASS   SFR1           

        CLASS   SFR2           

        CLASS   SFR3           

        CLASS   CONFIG         
                config                             2007     2007        2         4

        CLASS   IDLOC          

        CLASS   EEDATA         



SEGMENTS        Name                           Load    Length   Top    Selector   Space  Class     Delta

                reset_vec                      000000  000003  000003         0       0  CODE        2
                intentry                       000004  000406  00040A         8       0  CODE        2
                cstackBANK0                    000020  00001D  00003D        20       1  BANK0       1
                cstackCOMMON                   000070  00000A  00007A        70       1  COMMON      1
                cstackBANK1                    0000A0  000036  0000D6        A0       1  BANK1       1
                strings                        00040A  00001D  000427       814       0  STRING      2
                text13                         000427  000079  0004A0       84E       0  CODE        2


UNUSED ADDRESS RANGES

        Name                Unused          Largest block    Delta
        BANK0            003D-006F             33           1
        BANK1            00D6-00EF             1A           1
        BANK2            0110-016F             60           1
        BANK3            0190-01EF             60           1
        CODE             0003-0003              1           2
                         04A0-1FFF            800
        COMMON           007A-007D              4           1
        CONST            0003-0003              1           2
                         04A0-1FFF            100
        EEDATA           2100-21FF            100           2
        ENTRY            0003-0003              1           2
                         04A0-1FFF            100
        IDLOC            2000-2003              4           2
        RAM              003D-006F             33           1
                         00D6-00EF             1A
                         0110-016F             60
                         0190-01EF             60
        SFR0             0000-001F             20           1
        SFR1             0080-009F             20           1
        SFR2             0100-010F             10           1
        SFR3             0180-018F             10           1
        STACK            0110-016F             60           1
        STRCODE          0003-0003              1           2
                         04A0-1FFF           1B60
        STRING           0003-0003              1           2
                         04A0-1FFF            100

                                  Symbol Table

?___awdiv                   cstackCOMMON 0074
?___lwdiv                   cstackCOMMON 0074
?___lwmod                   cstackBANK0  0024
?_sprintf                   cstackBANK0  002A
I2C_Master_Write@data       cstackCOMMON 0074
I2C_Read@ACK_NACK           cstackCOMMON 0075
I2C_Read@Data               cstackCOMMON 0076
I2C_Start@add               cstackCOMMON 0075
MPU6050_Read@Ay             cstackBANK1  00D4
MPU6050_Read@buffer         cstackBANK1  00A0
UART_Write@data             cstackCOMMON 0074
UART_Write_String@buf       cstackCOMMON 0075
UART_Write_String@i         cstackBANK0  0022
_ACKDT                      (abs)        048D
_ACKEN                      (abs)        048C
_ACKSTAT                    (abs)        048E
_ANSELH                     (abs)        0189
_BF                         (abs)        04A0
_BRGH                       (abs)        04C2
_I2C_ACK                    text11       0485
_I2C_Master_Init            text17       0463
_I2C_Master_Stop            text15       048E
_I2C_Master_Wait            text16       0456
_I2C_Master_Write           text14       0437
_I2C_NACK                   text10       047C
_I2C_Read                   text9        03E3
_I2C_Start                  text13       0427
_INTCONbits                 (abs)        000B
_INTERRUP                   text18       0497
_ISR                        text19       034C
_LED                        bssCOMMON    0078
_MPU6050_Init               text12       01C2
_MPU6050_Read               text2        00FF
_PEN                        (abs)        048A
_PIE1bits                   (abs)        008C
_PIR1bits                   (abs)        000C
_PORTB                      (abs)        0006
_PORTDbits                  (abs)        0008
_RCEN                       (abs)        048B
_RCIF                       (abs)        0065
_RCREG                      (abs)        001A
_RD2                        (abs)        0042
_RSEN                       (abs)        0489
_SEN                        (abs)        0488
_SPBRG                      (abs)        0099
_SPEN                       (abs)        00C7
_SSPADD                     (abs)        0093
_SSPBUF                     (abs)        0013
_SSPCON                     (abs)        0014
_SSPCON2                    (abs)        0091
_SSPIF                      (abs)        0063
_SSPSTAT                    (abs)        0094
_SYNC                       (abs)        04C4
_TRISB                      (abs)        0086
_TRISC3                     (abs)        043B
_TRISC4                     (abs)        043C
_TRISC6                     (abs)        043E
_TRISC7                     (abs)        043F
_TRISD                      (abs)        0088
_TRISD2                     (abs)        0442
_TRMT                       (abs)        04C1
_TXEN                       (abs)        04C5
_TXREG                      (abs)        0019
_UART_TX_Init               text1        0447
_UART_Write                 text8        0470
_UART_Write_String          text7        0382
__Habs1                     abs1         0000
__Hbank0                    bank0        0000
__Hbank1                    bank1        0000
__Hbank2                    bank2        0000
__Hbank3                    bank3        0000
__HbssCOMMON                bssCOMMON    0000
__Hcinit                    cinit        0015
__Hclrtext                  clrtext      0000
__Hcode                     code         0000
__Hcommon                   common       0000
__Hconfig                   config       2009
__HcstackBANK0              cstackBANK0  0000
__HcstackBANK1              cstackBANK1  0000
__HcstackCOMMON             cstackCOMMON 0000
__Heeprom_data              eeprom_data  0000
__Hend_init                 end_init     000F
__Hfunctab                  functab      0000
__Hinit                     init         000C
__Hintentry                 intentry     000C
__Hmaintext                 maintext     0000
__Hpowerup                  powerup      0000
__Hram                      ram          0000
__Hreset_vec                reset_vec    0003
__Hsfr0                     sfr0         0000
__Hsfr1                     sfr1         0000
__Hsfr2                     sfr2         0000
__Hsfr3                     sfr3         0000
__Hspace_0                  (abs)        04A0
__Hspace_1                  (abs)        00D6
__Hspace_2                  (abs)        0000
__Hspace_3                  (abs)        0000
__Hspace_4                  (abs)        4010
__Hstack                    stack        0000
__Hstrings                  strings      0000
__Htext                     text         0000
__Labs1                     abs1         0000
__Lbank0                    bank0        0000
__Lbank1                    bank1        0000
__Lbank2                    bank2        0000
__Lbank3                    bank3        0000
__LbssCOMMON                bssCOMMON    0000
__Lcinit                    cinit        000F
__Lclrtext                  clrtext      0000
__Lcode                     code         0000
__Lcommon                   common       0000
__Lconfig                   config       0000
__LcstackBANK0              cstackBANK0  0000
__LcstackBANK1              cstackBANK1  0000
__LcstackCOMMON             cstackCOMMON 0000
__Leeprom_data              eeprom_data  0000
__Lend_init                 end_init     000C
__Lfunctab                  functab      0000
__Linit                     init         000C
__Lintentry                 intentry     0004
__Lmaintext                 maintext     0000
__Lpowerup                  powerup      0000
__Lram                      ram          0000
__Lreset_vec                reset_vec    0000
__Lsfr0                     sfr0         0000
__Lsfr1                     sfr1         0000
__Lsfr2                     sfr2         0000
__Lsfr3                     sfr3         0000
__Lspace_0                  (abs)        0000
__Lspace_1                  (abs)        0000
__Lspace_2                  (abs)        0000
__Lspace_3                  (abs)        0000
__Lspace_4                  (abs)        0000
__Lstack                    stack        0000
__Lstrings                  strings      0000
__Ltext                     text         0000
__S0                        (abs)        04A0
__S1                        (abs)        00D6
__S2                        (abs)        0000
__S3                        (abs)        0000
___awdiv                    text6        0261
___awdiv@counter            cstackBANK0  0021
___awdiv@dividend           cstackCOMMON 0076
___awdiv@divisor            cstackCOMMON 0074
___awdiv@quotient           cstackBANK0  0023
___awdiv@sign               cstackBANK0  0022
___int_sp                   stack        0000
___latbits                  (abs)        0002
___lwdiv                    text5        02CA
___lwdiv@counter            cstackBANK0  0021
___lwdiv@dividend           cstackCOMMON 0076
___lwdiv@divisor            cstackCOMMON 0074
___lwdiv@quotient           cstackBANK0  0022
___lwmod                    text4        0310
___lwmod@counter            cstackBANK0  0029
___lwmod@dividend           cstackBANK0  0026
___lwmod@divisor            cstackBANK0  0024
___sp                       stack        0000
___stackhi                  (abs)        0000
___stacklo                  (abs)        0000
__end_of_I2C_ACK            text11       048E
__end_of_I2C_Master_Init    text17       0470
__end_of_I2C_Master_Stop    text15       0497
__end_of_I2C_Master_Wait    text16       0463
__end_of_I2C_Master_Write   text14       0447
__end_of_I2C_NACK           text10       0485
__end_of_I2C_Read           text9        040A
__end_of_I2C_Start          text13       0437
__end_of_INTERRUP           text18       04A0
__end_of_ISR                text19       0382
__end_of_MPU6050_Init       text12       0261
__end_of_MPU6050_Read       text2        01C2
__end_of_UART_TX_Init       text1        0456
__end_of_UART_Write         text8        047C
__end_of_UART_Write_String  text7        03B5
__end_of___awdiv            text6        02CA
__end_of___lwdiv            text5        0310
__end_of___lwmod            text4        034C
__end_of__initialization    cinit        0011
__end_of__stringtab         strings      0410
__end_of_dpowers            strings      041A
__end_of_main               maintext     03E3
__end_of_sprintf            text3        00FF
__initialization            cinit        000F
__pbssCOMMON                bssCOMMON    0078
__pcstackBANK0              cstackBANK0  0020
__pcstackBANK1              cstackBANK1  00A0
__pcstackCOMMON             cstackCOMMON 0070
__pintentry                 intentry     0004
__pmaintext                 maintext     03B5
__pstrings                  strings      040A
__ptext1                    text1        0447
__ptext10                   text10       047C
__ptext11                   text11       0485
__ptext12                   text12       01C2
__ptext13                   text13       0427
__ptext14                   text14       0437
__ptext15                   text15       048E
__ptext16                   text16       0456
__ptext17                   text17       0463
__ptext18                   text18       0497
__ptext19                   text19       034C
__ptext2                    text2        00FF
__ptext3                    text3        0015
__ptext4                    text4        0310
__ptext5                    text5        02CA
__ptext6                    text6        0261
__ptext7                    text7        0382
__ptext8                    text8        0470
__ptext9                    text9        03E3
__size_of_I2C_ACK           (abs)        0000
__size_of_I2C_Master_Init   (abs)        0000
__size_of_I2C_Master_Stop   (abs)        0000
__size_of_I2C_Master_Wait   (abs)        0000
__size_of_I2C_Master_Write  (abs)        0000
__size_of_I2C_NACK          (abs)        0000
__size_of_I2C_Read          (abs)        0000
__size_of_I2C_Start         (abs)        0000
__size_of_INTERRUP          (abs)        0000
__size_of_ISR               (abs)        0000
__size_of_MPU6050_Init      (abs)        0000
__size_of_MPU6050_Read      (abs)        0000
__size_of_UART_TX_Init      (abs)        0000
__size_of_UART_Write        (abs)        0000
__size_of_UART_Write_String (abs)        0000
__size_of___awdiv           (abs)        0000
__size_of___lwdiv           (abs)        0000
__size_of___lwmod           (abs)        0000
__size_of_main              (abs)        0000
__size_of_sprintf           (abs)        0000
__stringbase                strings      040F
__stringtab                 strings      040A
_dpowers                    strings      0410
_main                       maintext     03B5
_sprintf                    text3        0015
btemp                       (abs)        007E
end_of_initialization       cinit        0011
interrupt_function          intentry     0004
intlevel0                   functab      0000
intlevel1                   functab      0000
intlevel2                   functab      0000
intlevel3                   functab      0000
intlevel4                   functab      0000
intlevel5                   functab      0000
reset_vec                   reset_vec    0000
saved_w                     (abs)        007E
sprintf@ap                  cstackBANK0  0030
sprintf@c                   cstackBANK0  0036
sprintf@f                   cstackBANK0  002A
sprintf@flag                cstackBANK0  0031
sprintf@prec                cstackBANK0  0032
sprintf@sp                  cstackBANK0  0035
sprintf@val                 cstackBANK0  0033
start                       init         000C
start_initialization        cinit        000F
wtemp0                      (abs)        007E


FUNCTION INFORMATION:

 *************** function _main *****************
 Defined at:
		line 58 in file "main.c"
 Parameters:    Size  Location     Type
		None
 Auto vars:     Size  Location     Type
		None
 Return value:  Size  Location     Type
                  1    wreg      void 
 Registers used:
		wreg, fsr0l, fsr0h, status,2, status,0, btemp+1, pclath, cstack
 Tracked objects:
		On entry : 
		On exit  : 
		Unchanged: 
 Data sizes:     COMMON   BANK0   BANK1   BANK3   BANK2
      Params:         0       0       0       0       0
      Locals:         0       0       0       0       0
      Temps:          0       2       0       0       0
      Totals:         0       2       0       0       0
Total ram usage:        2 bytes
 Hardware stack levels required when called:    5
 This function calls:
		_INTERRUP
		_MPU6050_Init
		_MPU6050_Read
		_UART_TX_Init
 This function is called by:
		Startup code after reset
 This function uses a non-reentrant model


 *************** function _UART_TX_Init *****************
 Defined at:
		line 15 in file "USART.c"
 Parameters:    Size  Location     Type
		None
 Auto vars:     Size  Location     Type
		None
 Return value:  Size  Location     Type
                  1    wreg      void 
 Registers used:
		wreg
 Tracked objects:
		On entry : 
		On exit  : 
		Unchanged: 
 Data sizes:     COMMON   BANK0   BANK1   BANK3   BANK2
      Params:         0       0       0       0       0
      Locals:         0       0       0       0       0
      Temps:          0       0       0       0       0
      Totals:         0       0       0       0       0
Total ram usage:        0 bytes
 Hardware stack levels used:    1
 Hardware stack levels required when called:    1
 This function calls:
		Nothing
 This function is called by:
		_main
 This function uses a non-reentrant model


 *************** function _MPU6050_Read *****************
 Defined at:
		line 60 in file "MPU.c"
 Parameters:    Size  Location     Type
		None
 Auto vars:     Size  Location     Type
  buffer         40    0[BANK1 ] unsigned char [40]
  Ay              2   52[BANK1 ] int 
  Gz              2    0        int 
  Gy              2    0        int 
  Gx              2    0        int 
  T               2    0        int 
  Az              2    0        int 
  Ax              2    0        int 
 Return value:  Size  Location     Type
                  1    wreg      void 
 Registers used:
		wreg, fsr0l, fsr0h, status,2, status,0, btemp+1, pclath, cstack
 Tracked objects:
		On entry : 
		On exit  : 
		Unchanged: 
 Data sizes:     COMMON   BANK0   BANK1   BANK3   BANK2
      Params:         0       0       0       0       0
      Locals:         0       0      54       0       0
      Temps:          0       4       0       0       0
      Totals:         0       4      54       0       0
Total ram usage:       58 bytes
 Hardware stack levels used:    1
 Hardware stack levels required when called:    4
 This function calls:
		_I2C_Master_Stop
		_I2C_Master_Write
		_I2C_Read
		_I2C_Start
		_UART_Write_String
		___awdiv
		_sprintf
 This function is called by:
		_main
 This function uses a non-reentrant model


 *************** function _sprintf *****************
 Defined at:
		line 505 in file "C:\Program Files\Microchip\xc8\v2.31\pic\sources\c90\common\doprnt.c"
 Parameters:    Size  Location     Type
  sp              1    wreg     PTR unsigned char 
		 -> MPU6050_Read@buffer(40), 
  f               1   10[BANK0 ] PTR const unsigned char 
		 -> STR_1(13), 
 Auto vars:     Size  Location     Type
  sp              1   21[BANK0 ] PTR unsigned char 
		 -> MPU6050_Read@buffer(40), 
  tmpval          4    0        struct .
  val             2   19[BANK0 ] unsigned int 
  cp              2    0        PTR const unsigned char 
  len             2    0        unsigned int 
  c               1   22[BANK0 ] unsigned char 
  prec            1   18[BANK0 ] char 
  flag            1   17[BANK0 ] unsigned char 
  ap              1   16[BANK0 ] PTR void [1]
		 -> ?_sprintf(2), 
 Return value:  Size  Location     Type
                  2   10[BANK0 ] int 
 Registers used:
		wreg, fsr0l, fsr0h, status,2, status,0, btemp+1, pclath, cstack
 Tracked objects:
		On entry : 
		On exit  : 
		Unchanged: 
 Data sizes:     COMMON   BANK0   BANK1   BANK3   BANK2
      Params:         0       3       0       0       0
      Locals:         0       7       0       0       0
      Temps:          0       3       0       0       0
      Totals:         0      13       0       0       0
Total ram usage:       13 bytes
 Hardware stack levels used:    1
 Hardware stack levels required when called:    2
 This function calls:
		___lwdiv
		___lwmod
 This function is called by:
		_MPU6050_Read
 This function uses a non-reentrant model


 *************** function ___lwmod *****************
 Defined at:
		line 5 in file "C:\Program Files\Microchip\xc8\v2.31\pic\sources\c90\common\lwmod.c"
 Parameters:    Size  Location     Type
  divisor         2    4[BANK0 ] unsigned int 
  dividend        2    6[BANK0 ] unsigned int 
 Auto vars:     Size  Location     Type
  counter         1    9[BANK0 ] unsigned char 
 Return value:  Size  Location     Type
                  2    4[BANK0 ] unsigned int 
 Registers used:
		wreg, status,2, status,0
 Tracked objects:
		On entry : 
		On exit  : 
		Unchanged: 
 Data sizes:     COMMON   BANK0   BANK1   BANK3   BANK2
      Params:         0       4       0       0       0
      Locals:         0       1       0       0       0
      Temps:          0       1       0       0       0
      Totals:         0       6       0       0       0
Total ram usage:        6 bytes
 Hardware stack levels used:    1
 Hardware stack levels required when called:    1
 This function calls:
		Nothing
 This function is called by:
		_sprintf
 This function uses a non-reentrant model


 *************** function ___lwdiv *****************
 Defined at:
		line 5 in file "C:\Program Files\Microchip\xc8\v2.31\pic\sources\c90\common\lwdiv.c"
 Parameters:    Size  Location     Type
  divisor         2    4[COMMON] unsigned int 
  dividend        2    6[COMMON] unsigned int 
 Auto vars:     Size  Location     Type
  quotient        2    2[BANK0 ] unsigned int 
  counter         1    1[BANK0 ] unsigned char 
 Return value:  Size  Location     Type
                  2    4[COMMON] unsigned int 
 Registers used:
		wreg, status,2, status,0
 Tracked objects:
		On entry : 
		On exit  : 
		Unchanged: 
 Data sizes:     COMMON   BANK0   BANK1   BANK3   BANK2
      Params:         4       0       0       0       0
      Locals:         0       3       0       0       0
      Temps:          0       1       0       0       0
      Totals:         4       4       0       0       0
Total ram usage:        8 bytes
 Hardware stack levels used:    1
 Hardware stack levels required when called:    1
 This function calls:
		Nothing
 This function is called by:
		_sprintf
 This function uses a non-reentrant model


 *************** function ___awdiv *****************
 Defined at:
		line 5 in file "C:\Program Files\Microchip\xc8\v2.31\pic\sources\c90\common\awdiv.c"
 Parameters:    Size  Location     Type
  divisor         2    4[COMMON] int 
  dividend        2    6[COMMON] int 
 Auto vars:     Size  Location     Type
  quotient        2    3[BANK0 ] int 
  sign            1    2[BANK0 ] unsigned char 
  counter         1    1[BANK0 ] unsigned char 
 Return value:  Size  Location     Type
                  2    4[COMMON] int 
 Registers used:
		wreg, status,2, status,0
 Tracked objects:
		On entry : 
		On exit  : 
		Unchanged: 
 Data sizes:     COMMON   BANK0   BANK1   BANK3   BANK2
      Params:         4       0       0       0       0
      Locals:         0       4       0       0       0
      Temps:          0       1       0       0       0
      Totals:         4       5       0       0       0
Total ram usage:        9 bytes
 Hardware stack levels used:    1
 Hardware stack levels required when called:    1
 This function calls:
		Nothing
 This function is called by:
		_MPU6050_Read
 This function uses a non-reentrant model


 *************** function _UART_Write_String *****************
 Defined at:
		line 34 in file "USART.c"
 Parameters:    Size  Location     Type
  buf             2    5[COMMON] PTR unsigned char 
		 -> RAM(512), 
 Auto vars:     Size  Location     Type
  i               2    2[BANK0 ] int 
 Return value:  Size  Location     Type
                  1    wreg      void 
 Registers used:
		wreg, fsr0l, fsr0h, status,2, status,0, pclath, cstack
 Tracked objects:
		On entry : 
		On exit  : 
		Unchanged: 
 Data sizes:     COMMON   BANK0   BANK1   BANK3   BANK2
      Params:         2       0       0       0       0
      Locals:         0       2       0       0       0
      Temps:          0       2       0       0       0
      Totals:         2       4       0       0       0
Total ram usage:        6 bytes
 Hardware stack levels used:    1
 Hardware stack levels required when called:    2
 This function calls:
		_UART_Write
 This function is called by:
		_MPU6050_Read
 This function uses a non-reentrant model


 *************** function _UART_Write *****************
 Defined at:
		line 28 in file "USART.c"
 Parameters:    Size  Location     Type
  data            1    wreg     unsigned char 
 Auto vars:     Size  Location     Type
  data            1    4[COMMON] unsigned char 
 Return value:  Size  Location     Type
                  1    wreg      void 
 Registers used:
		wreg
 Tracked objects:
		On entry : 
		On exit  : 
		Unchanged: 
 Data sizes:     COMMON   BANK0   BANK1   BANK3   BANK2
      Params:         0       0       0       0       0
      Locals:         1       0       0       0       0
      Temps:          0       0       0       0       0
      Totals:         1       0       0       0       0
Total ram usage:        1 bytes
 Hardware stack levels used:    1
 Hardware stack levels required when called:    1
 This function calls:
		Nothing
 This function is called by:
		_UART_Write_String
 This function uses a non-reentrant model


 *************** function _I2C_Read *****************
 Defined at:
		line 87 in file "I2c.c"
 Parameters:    Size  Location     Type
  ACK_NACK        1    wreg     unsigned char 
 Auto vars:     Size  Location     Type
  ACK_NACK        1    5[COMMON] unsigned char 
  Data            1    6[COMMON] unsigned char 
 Return value:  Size  Location     Type
                  1    wreg      unsigned char 
 Registers used:
		wreg, status,2, status,0, pclath, cstack
 Tracked objects:
		On entry : 
		On exit  : 
		Unchanged: 
 Data sizes:     COMMON   BANK0   BANK1   BANK3   BANK2
      Params:         0       0       0       0       0
      Locals:         2       0       0       0       0
      Temps:          1       0       0       0       0
      Totals:         3       0       0       0       0
Total ram usage:        3 bytes
 Hardware stack levels used:    1
 Hardware stack levels required when called:    2
 This function calls:
		_I2C_ACK
		_I2C_NACK
 This function is called by:
		_MPU6050_Read
 This function uses a non-reentrant model


 *************** function _I2C_NACK *****************
 Defined at:
		line 60 in file "I2c.c"
 Parameters:    Size  Location     Type
		None
 Auto vars:     Size  Location     Type
		None
 Return value:  Size  Location     Type
                  1    wreg      void 
 Registers used:
		None
 Tracked objects:
		On entry : 
		On exit  : 
		Unchanged: 
 Data sizes:     COMMON   BANK0   BANK1   BANK3   BANK2
      Params:         0       0       0       0       0
      Locals:         0       0       0       0       0
      Temps:          0       0       0       0       0
      Totals:         0       0       0       0       0
Total ram usage:        0 bytes
 Hardware stack levels used:    1
 Hardware stack levels required when called:    1
 This function calls:
		Nothing
 This function is called by:
		_I2C_Read
 This function uses a non-reentrant model


 *************** function _I2C_ACK *****************
 Defined at:
		line 53 in file "I2c.c"
 Parameters:    Size  Location     Type
		None
 Auto vars:     Size  Location     Type
		None
 Return value:  Size  Location     Type
                  1    wreg      void 
 Registers used:
		None
 Tracked objects:
		On entry : 
		On exit  : 
		Unchanged: 
 Data sizes:     COMMON   BANK0   BANK1   BANK3   BANK2
      Params:         0       0       0       0       0
      Locals:         0       0       0       0       0
      Temps:          0       0       0       0       0
      Totals:         0       0       0       0       0
Total ram usage:        0 bytes
 Hardware stack levels used:    1
 Hardware stack levels required when called:    1
 This function calls:
		Nothing
 This function is called by:
		_I2C_Read
 This function uses a non-reentrant model


 *************** function _MPU6050_Init *****************
 Defined at:
		line 17 in file "MPU.c"
 Parameters:    Size  Location     Type
		None
 Auto vars:     Size  Location     Type
		None
 Return value:  Size  Location     Type
                  1    wreg      void 
 Registers used:
		wreg, status,2, status,0, pclath, cstack
 Tracked objects:
		On entry : 
		On exit  : 
		Unchanged: 
 Data sizes:     COMMON   BANK0   BANK1   BANK3   BANK2
      Params:         0       0       0       0       0
      Locals:         0       0       0       0       0
      Temps:          0       3       0       0       0
      Totals:         0       3       0       0       0
Total ram usage:        3 bytes
 Hardware stack levels used:    1
 Hardware stack levels required when called:    4
 This function calls:
		_I2C_Master_Init
		_I2C_Master_Stop
		_I2C_Master_Write
		_I2C_Start
 This function is called by:
		_main
 This function uses a non-reentrant model


 *************** function _I2C_Start *****************
 Defined at:
		line 34 in file "I2c.c"
 Parameters:    Size  Location     Type
  add             1    wreg     unsigned char 
 Auto vars:     Size  Location     Type
  add             1    5[COMMON] unsigned char 
 Return value:  Size  Location     Type
                  1    wreg      void 
 Registers used:
		wreg, status,2, status,0, pclath, cstack
 Tracked objects:
		On entry : 
		On exit  : 
		Unchanged: 
 Data sizes:     COMMON   BANK0   BANK1   BANK3   BANK2
      Params:         0       0       0       0       0
      Locals:         1       0       0       0       0
      Temps:          0       0       0       0       0
      Totals:         1       0       0       0       0
Total ram usage:        1 bytes
 Hardware stack levels used:    1
 Hardware stack levels required when called:    3
 This function calls:
		_I2C_Master_Wait
		_I2C_Master_Write
 This function is called by:
		_MPU6050_Init
		_MPU6050_Read
 This function uses a non-reentrant model


 *************** function _I2C_Master_Write *****************
 Defined at:
		line 67 in file "I2c.c"
 Parameters:    Size  Location     Type
  data            1    wreg     unsigned char 
 Auto vars:     Size  Location     Type
  data            1    4[COMMON] unsigned char 
 Return value:  Size  Location     Type
                  1    wreg      unsigned char 
 Registers used:
		wreg, status,2, status,0, pclath, cstack
 Tracked objects:
		On entry : 
		On exit  : 
		Unchanged: 
 Data sizes:     COMMON   BANK0   BANK1   BANK3   BANK2
      Params:         0       0       0       0       0
      Locals:         1       0       0       0       0
      Temps:          0       0       0       0       0
      Totals:         1       0       0       0       0
Total ram usage:        1 bytes
 Hardware stack levels used:    1
 Hardware stack levels required when called:    2
 This function calls:
		_I2C_Master_Wait
 This function is called by:
		_MPU6050_Init
		_MPU6050_Read
		_I2C_Start
 This function uses a non-reentrant model


 *************** function _I2C_Master_Stop *****************
 Defined at:
		line 47 in file "I2c.c"
 Parameters:    Size  Location     Type
		None
 Auto vars:     Size  Location     Type
		None
 Return value:  Size  Location     Type
                  1    wreg      void 
 Registers used:
		wreg, status,2, status,0, pclath, cstack
 Tracked objects:
		On entry : 
		On exit  : 
		Unchanged: 
 Data sizes:     COMMON   BANK0   BANK1   BANK3   BANK2
      Params:         0       0       0       0       0
      Locals:         0       0       0       0       0
      Temps:          0       0       0       0       0
      Totals:         0       0       0       0       0
Total ram usage:        0 bytes
 Hardware stack levels used:    1
 Hardware stack levels required when called:    2
 This function calls:
		_I2C_Master_Wait
 This function is called by:
		_MPU6050_Init
		_MPU6050_Read
 This function uses a non-reentrant model


 *************** function _I2C_Master_Wait *****************
 Defined at:
		line 23 in file "I2c.c"
 Parameters:    Size  Location     Type
		None
 Auto vars:     Size  Location     Type
		None
 Return value:  Size  Location     Type
                  1    wreg      void 
 Registers used:
		wreg, status,2
 Tracked objects:
		On entry : 
		On exit  : 
		Unchanged: 
 Data sizes:     COMMON   BANK0   BANK1   BANK3   BANK2
      Params:         0       0       0       0       0
      Locals:         0       0       0       0       0
      Temps:          0       0       0       0       0
      Totals:         0       0       0       0       0
Total ram usage:        0 bytes
 Hardware stack levels used:    1
 Hardware stack levels required when called:    1
 This function calls:
		Nothing
 This function is called by:
		_I2C_Start
		_I2C_Master_Stop
		_I2C_Master_Write
		_I2C_Master_Start
		_I2C_Master_RepeatedStart
		_I2C_Read_Byte
 This function uses a non-reentrant model


 *************** function _I2C_Master_Init *****************
 Defined at:
		line 13 in file "I2c.c"
 Parameters:    Size  Location     Type
		None
 Auto vars:     Size  Location     Type
		None
 Return value:  Size  Location     Type
                  1    wreg      void 
 Registers used:
		wreg, status,2
 Tracked objects:
		On entry : 
		On exit  : 
		Unchanged: 
 Data sizes:     COMMON   BANK0   BANK1   BANK3   BANK2
      Params:         0       0       0       0       0
      Locals:         0       0       0       0       0
      Temps:          0       0       0       0       0
      Totals:         0       0       0       0       0
Total ram usage:        0 bytes
 Hardware stack levels used:    1
 Hardware stack levels required when called:    1
 This function calls:
		Nothing
 This function is called by:
		_MPU6050_Init
 This function uses a non-reentrant model


 *************** function _INTERRUP *****************
 Defined at:
		line 81 in file "main.c"
 Parameters:    Size  Location     Type
		None
 Auto vars:     Size  Location     Type
		None
 Return value:  Size  Location     Type
                  1    wreg      void 
 Registers used:
		None
 Tracked objects:
		On entry : 
		On exit  : 
		Unchanged: 
 Data sizes:     COMMON   BANK0   BANK1   BANK3   BANK2
      Params:         0       0       0       0       0
      Locals:         0       0       0       0       0
      Temps:          0       0       0       0       0
      Totals:         0       0       0       0       0
Total ram usage:        0 bytes
 Hardware stack levels used:    1
 Hardware stack levels required when called:    1
 This function calls:
		Nothing
 This function is called by:
		_main
 This function uses a non-reentrant model


 *************** function _ISR *****************
 Defined at:
		line 41 in file "main.c"
 Parameters:    Size  Location     Type
		None
 Auto vars:     Size  Location     Type
		None
 Return value:  Size  Location     Type
                  1    wreg      void 
 Registers used:
		wreg, status,2, status,0
 Tracked objects:
		On entry : 
		On exit  : 
		Unchanged: 
 Data sizes:     COMMON   BANK0   BANK1   BANK3   BANK2
      Params:         0       0       0       0       0
      Locals:         0       0       0       0       0
      Temps:          4       0       0       0       0
      Totals:         4       0       0       0       0
Total ram usage:        4 bytes
 Hardware stack levels used:    1
 This function calls:
		Nothing
 This function is called by:
		Interrupt level 1
 This function uses a non-reentrant model



MODULE INFORMATION

Module		Function		Class		Link	Load	Size
USART.c
		_UART_Write_String		CODE           	0382	0000	51
		_UART_Write    		CODE           	0470	0000	12
		_UART_TX_Init  		CODE           	0447	0000	15

USART.c estimated size: 78

MPU.c
		_MPU6050_Read  		CODE           	00FF	0000	195
		_MPU6050_Init  		CODE           	01C2	0000	159

MPU.c estimated size: 354

C:\Program Files\Microchip\xc8\v2.31\pic\sources\c90\common\doprnt.c
		_sprintf       		CODE           	0015	0000	234

C:\Program Files\Microchip\xc8\v2.31\pic\sources\c90\common\doprnt.c estimated size: 234

C:\Program Files\Microchip\xc8\v2.31\pic\sources\c90\common\lwmod.c
		___lwmod       		CODE           	0310	0000	60

C:\Program Files\Microchip\xc8\v2.31\pic\sources\c90\common\lwmod.c estimated size: 60

I2c.c
		_I2C_Master_Wait		CODE           	0456	0000	13
		_I2C_Master_Init		CODE           	0463	0000	13
		_I2C_Master_Stop		CODE           	048E	0000	9
		_I2C_Read      		CODE           	03E3	0000	39
		_I2C_ACK       		CODE           	0485	0000	9
		_I2C_Master_Write		CODE           	0437	0000	16
		_I2C_NACK      		CODE           	047C	0000	9
		_I2C_Start     		CODE           	0427	0000	16

I2c.c estimated size: 124

C:\Program Files\Microchip\xc8\v2.31\pic\sources\c90\common\lwdiv.c
		___lwdiv       		CODE           	02CA	0000	70

C:\Program Files\Microchip\xc8\v2.31\pic\sources\c90\common\lwdiv.c estimated size: 70

C:\Program Files\Microchip\xc8\v2.31\pic\sources\c90\common\awdiv.c
		___awdiv       		CODE           	0261	0000	105

C:\Program Files\Microchip\xc8\v2.31\pic\sources\c90\common\awdiv.c estimated size: 105

shared
		__stringtab    		STRING         	040A	0000	6
		_dpowers       		STRING         	0410	0000	10
		__initialization		CODE           	000F	0000	2

shared estimated size: 18

main.c
		_ISR           		CODE           	034C	0000	54
		_main          		CODE           	03B5	0000	46
		_INTERRUP      		CODE           	0497	0000	9

main.c estimated size: 109

